# Command: driver-01-schema-load.sh -> docker exec -i pilot-sel psql -U postgres -X -e -f -
# Run at (host, UTC): 2026-07-29 02:05:40 UTC
# psql -e echoes each SQL statement before its output.

SELECT now() AS experiment_start_utc;
     experiment_start_utc     
------------------------------
 2026-07-29 02:05:40.17199+00
(1 row)

CREATE TABLE orders (
  id          bigserial PRIMARY KEY,
  status      text        NOT NULL,
  customer_id int         NOT NULL,
  total       numeric     NOT NULL,
  created_at  timestamptz NOT NULL
);
CREATE TABLE
INSERT INTO orders (status, customer_id, total, created_at)
SELECT CASE
         WHEN r < 0.95 THEN 'shipped'
         WHEN r < 0.99 THEN 'pending'
         ELSE 'cancelled'
       END,
       1 + (random() * 99999)::int,
       round((random() * 499 + 1)::numeric, 2),
       now() - random() * interval '365 days'
FROM (SELECT random() AS r FROM generate_series(1, 2000000)) g;
INSERT 0 2000000
CREATE INDEX orders_status_idx ON orders (status);
CREATE INDEX
ANALYZE orders;
ANALYZE
SELECT status,
       count(*) AS n_rows,
       round(100.0 * count(*) / 2000000, 3) AS pct
FROM orders
GROUP BY status
ORDER BY count(*) DESC;
  status   | n_rows  |  pct   
-----------+---------+--------
 shipped   | 1899747 | 94.987
 pending   |   80012 |  4.001
 cancelled |   20241 |  1.012
(3 rows)

SELECT pg_size_pretty(pg_relation_size('orders'))            AS table_size,
       pg_size_pretty(pg_relation_size('orders_status_idx')) AS status_index_size,
       pg_size_pretty(pg_relation_size('orders_pkey'))       AS pkey_size,
       pg_size_pretty(pg_total_relation_size('orders'))      AS total_incl_indexes;
 table_size | status_index_size | pkey_size | total_incl_indexes 
------------+-------------------+-----------+--------------------
 130 MB     | 13 MB             | 43 MB     | 186 MB
(1 row)

SELECT relname, relpages, reltuples::bigint AS reltuples, relallvisible
FROM pg_class
WHERE relname IN ('orders', 'orders_status_idx', 'orders_pkey')
ORDER BY relname;
      relname      | relpages | reltuples | relallvisible 
-------------------+----------+-----------+---------------
 orders            |    16667 |   2000000 |             0
 orders_pkey       |     5486 |   2000000 |             0
 orders_status_idx |     1695 |   2000000 |             0
(3 rows)


# psql exit code: 0
