# Command: driver-02-selectivity-flip.sh -> docker exec -i pilot-sel psql -U postgres -X -e -f -
# Run at (host, UTC): 2026-07-29 02:05:57 UTC
# psql -e echoes each SQL statement before its output.
# Adaptation vs 2026-07-23 template: 3 runs per EXPLAIN instead of 1 (contract rule: >=3 runs).

SELECT now() AS experiment_start_utc;
     experiment_start_utc      
-------------------------------
 2026-07-29 02:05:57.603986+00
(1 row)

EXPLAIN (ANALYZE, BUFFERS) SELECT * FROM orders WHERE status = 'cancelled';
                                                              QUERY PLAN                                                               
---------------------------------------------------------------------------------------------------------------------------------------
 Index Scan using orders_status_idx on orders  (cost=0.43..9105.51 rows=18867 width=34) (actual time=0.037..22.911 rows=20241 loops=1)
   Index Cond: (status = 'cancelled'::text)
   Buffers: shared hit=6997 read=4767 written=2402
 Planning:
   Buffers: shared hit=92 read=2
 Planning Time: 0.283 ms
 Execution Time: 23.392 ms
(7 rows)

EXPLAIN (ANALYZE, BUFFERS) SELECT * FROM orders WHERE status = 'cancelled';
                                                              QUERY PLAN                                                              
--------------------------------------------------------------------------------------------------------------------------------------
 Index Scan using orders_status_idx on orders  (cost=0.43..9105.51 rows=18867 width=34) (actual time=0.015..5.047 rows=20241 loops=1)
   Index Cond: (status = 'cancelled'::text)
   Buffers: shared hit=11764
 Planning Time: 0.054 ms
 Execution Time: 5.467 ms
(5 rows)

EXPLAIN (ANALYZE, BUFFERS) SELECT * FROM orders WHERE status = 'cancelled';
                                                              QUERY PLAN                                                              
--------------------------------------------------------------------------------------------------------------------------------------
 Index Scan using orders_status_idx on orders  (cost=0.43..9105.51 rows=18867 width=34) (actual time=0.014..3.906 rows=20241 loops=1)
   Index Cond: (status = 'cancelled'::text)
   Buffers: shared hit=11764
 Planning Time: 0.028 ms
 Execution Time: 4.323 ms
(5 rows)

EXPLAIN (ANALYZE, BUFFERS) SELECT * FROM orders WHERE status = 'shipped';
                                                    QUERY PLAN                                                     
-------------------------------------------------------------------------------------------------------------------
 Seq Scan on orders  (cost=0.00..41667.00 rows=1901467 width=34) (actual time=0.035..117.549 rows=1899747 loops=1)
   Filter: (status = 'shipped'::text)
   Rows Removed by Filter: 100253
   Buffers: shared hit=14661 read=2006 written=32
 Planning Time: 0.026 ms
 Execution Time: 156.691 ms
(6 rows)

EXPLAIN (ANALYZE, BUFFERS) SELECT * FROM orders WHERE status = 'shipped';
                                                    QUERY PLAN                                                     
-------------------------------------------------------------------------------------------------------------------
 Seq Scan on orders  (cost=0.00..41667.00 rows=1901467 width=34) (actual time=0.086..115.874 rows=1899747 loops=1)
   Filter: (status = 'shipped'::text)
   Rows Removed by Filter: 100253
   Buffers: shared hit=14693 read=1974 written=22
 Planning Time: 0.044 ms
 Execution Time: 154.274 ms
(6 rows)

EXPLAIN (ANALYZE, BUFFERS) SELECT * FROM orders WHERE status = 'shipped';
                                                    QUERY PLAN                                                     
-------------------------------------------------------------------------------------------------------------------
 Seq Scan on orders  (cost=0.00..41667.00 rows=1901467 width=34) (actual time=0.020..116.948 rows=1899747 loops=1)
   Filter: (status = 'shipped'::text)
   Rows Removed by Filter: 100253
   Buffers: shared hit=14725 read=1942 written=8
 Planning Time: 0.042 ms
 Execution Time: 155.760 ms
(6 rows)

Expanded display is on.
SELECT * FROM pg_stats WHERE tablename = 'orders' AND attname = 'status';
-[ RECORD 1 ]----------+------------------------------------
schemaname             | public
tablename              | orders
attname                | status
inherited              | f
null_frac              | 0
avg_width              | 8
n_distinct             | 3
most_common_vals       | {shipped,pending,cancelled}
most_common_freqs      | {0.9507333,0.039833333,0.009433334}
histogram_bounds       | 
correlation            | 0.90663767
most_common_elems      | 
most_common_elem_freqs | 
elem_count_histogram   | 

Expanded display is off.

# psql exit code: 0
