# Command: driver-03-covering-index.sh -> docker exec -i pilot-sel psql -U postgres -X -e -f -
# Run at (host, UTC): 2026-07-29 02:06:16 UTC
# psql -e echoes each SQL statement before its output.

SELECT now() AS experiment_start_utc;
     experiment_start_utc      
-------------------------------
 2026-07-29 02:06:16.629044+00
(1 row)

EXPLAIN (ANALYZE, BUFFERS) SELECT customer_id, total FROM orders WHERE status = 'pending';
                                                               QUERY PLAN                                                               
----------------------------------------------------------------------------------------------------------------------------------------
 Index Scan using orders_status_idx on orders  (cost=0.43..14082.32 rows=79667 width=10) (actual time=0.021..44.346 rows=80012 loops=1)
   Index Cond: (status = 'pending'::text)
   Buffers: shared hit=8442 read=8165 written=1143
 Planning:
   Buffers: shared hit=78 read=5
 Planning Time: 0.253 ms
 Execution Time: 46.067 ms
(7 rows)

EXPLAIN (ANALYZE, BUFFERS) SELECT customer_id, total FROM orders WHERE status = 'pending';
                                                               QUERY PLAN                                                               
----------------------------------------------------------------------------------------------------------------------------------------
 Index Scan using orders_status_idx on orders  (cost=0.43..14082.32 rows=79667 width=10) (actual time=0.056..40.119 rows=80012 loops=1)
   Index Cond: (status = 'pending'::text)
   Buffers: shared hit=9267 read=7340 written=2219
 Planning Time: 0.036 ms
 Execution Time: 41.814 ms
(5 rows)

EXPLAIN (ANALYZE, BUFFERS) SELECT customer_id, total FROM orders WHERE status = 'pending';
                                                               QUERY PLAN                                                               
----------------------------------------------------------------------------------------------------------------------------------------
 Index Scan using orders_status_idx on orders  (cost=0.43..14082.32 rows=79667 width=10) (actual time=0.029..21.445 rows=80012 loops=1)
   Index Cond: (status = 'pending'::text)
   Buffers: shared hit=14795 read=1812 written=5
 Planning Time: 0.036 ms
 Execution Time: 23.119 ms
(5 rows)

CREATE INDEX orders_status_covering_idx ON orders (status) INCLUDE (customer_id, total);
CREATE INDEX
SELECT relallvisible, relpages FROM pg_class WHERE relname = 'orders';
 relallvisible | relpages 
---------------+----------
             0 |    16667
(1 row)

EXPLAIN (ANALYZE, BUFFERS) SELECT customer_id, total FROM orders WHERE status = 'pending';
                                                               QUERY PLAN                                                               
----------------------------------------------------------------------------------------------------------------------------------------
 Index Scan using orders_status_idx on orders  (cost=0.43..14082.32 rows=79667 width=10) (actual time=0.015..37.978 rows=80012 loops=1)
   Index Cond: (status = 'pending'::text)
   Buffers: shared hit=9187 read=7420 written=3159
 Planning:
   Buffers: shared hit=23 read=1
 Planning Time: 0.088 ms
 Execution Time: 39.663 ms
(7 rows)

EXPLAIN (ANALYZE, BUFFERS) SELECT customer_id, total FROM orders WHERE status = 'pending';
                                                               QUERY PLAN                                                               
----------------------------------------------------------------------------------------------------------------------------------------
 Index Scan using orders_status_idx on orders  (cost=0.43..14082.32 rows=79667 width=10) (actual time=0.025..27.606 rows=80012 loops=1)
   Index Cond: (status = 'pending'::text)
   Buffers: shared hit=11188 read=5419
 Planning Time: 0.042 ms
 Execution Time: 29.296 ms
(5 rows)

EXPLAIN (ANALYZE, BUFFERS) SELECT customer_id, total FROM orders WHERE status = 'pending';
                                                               QUERY PLAN                                                               
----------------------------------------------------------------------------------------------------------------------------------------
 Index Scan using orders_status_idx on orders  (cost=0.43..14082.32 rows=79667 width=10) (actual time=0.027..32.817 rows=80012 loops=1)
   Index Cond: (status = 'pending'::text)
   Buffers: shared hit=8604 read=8003 written=4
 Planning Time: 0.055 ms
 Execution Time: 34.531 ms
(5 rows)

VACUUM orders;
VACUUM
SELECT relallvisible, relpages FROM pg_class WHERE relname = 'orders';
 relallvisible | relpages 
---------------+----------
         16667 |    16667
(1 row)

EXPLAIN (ANALYZE, BUFFERS) SELECT customer_id, total FROM orders WHERE status = 'pending';
                                                                     QUERY PLAN                                                                     
----------------------------------------------------------------------------------------------------------------------------------------------------
 Index Only Scan using orders_status_covering_idx on orders  (cost=0.43..2974.60 rows=79667 width=10) (actual time=0.028..6.445 rows=80012 loops=1)
   Index Cond: (status = 'pending'::text)
   Heap Fetches: 0
   Buffers: shared hit=1 read=397 written=395
 Planning:
   Buffers: shared hit=5 read=1 written=1
 Planning Time: 0.066 ms
 Execution Time: 8.053 ms
(8 rows)

EXPLAIN (ANALYZE, BUFFERS) SELECT customer_id, total FROM orders WHERE status = 'pending';
                                                                     QUERY PLAN                                                                     
----------------------------------------------------------------------------------------------------------------------------------------------------
 Index Only Scan using orders_status_covering_idx on orders  (cost=0.43..2974.60 rows=79667 width=10) (actual time=0.010..5.105 rows=80012 loops=1)
   Index Cond: (status = 'pending'::text)
   Heap Fetches: 0
   Buffers: shared hit=398
 Planning Time: 0.025 ms
 Execution Time: 6.641 ms
(6 rows)

EXPLAIN (ANALYZE, BUFFERS) SELECT customer_id, total FROM orders WHERE status = 'pending';
                                                                     QUERY PLAN                                                                     
----------------------------------------------------------------------------------------------------------------------------------------------------
 Index Only Scan using orders_status_covering_idx on orders  (cost=0.43..2974.60 rows=79667 width=10) (actual time=0.024..5.538 rows=80012 loops=1)
   Index Cond: (status = 'pending'::text)
   Heap Fetches: 0
   Buffers: shared hit=398
 Planning Time: 0.034 ms
 Execution Time: 7.215 ms
(6 rows)

SELECT pg_size_pretty(pg_relation_size('orders_status_covering_idx')) AS covering_index_size;
 covering_index_size 
---------------------
 77 MB
(1 row)


# psql exit code: 0
