# Command: driver-04-stale-stats.sh -> docker exec -i pilot-sel psql -U postgres -X -e -f -
# Run at (host, UTC): 2026-07-29 02:06:36 UTC
# psql -e echoes each SQL statement before its output.
# Adaptations vs 2026-07-23 template: 3 runs per EXPLAIN (was 1); BUFFERS added to EXPLAIN.

SELECT now() AS experiment_start_utc;
     experiment_start_utc     
------------------------------
 2026-07-29 02:06:36.30704+00
(1 row)

SELECT last_analyze, last_autoanalyze, n_mod_since_analyze, n_live_tup
FROM pg_stat_user_tables WHERE relname = 'orders';
         last_analyze         | last_autoanalyze | n_mod_since_analyze | n_live_tup 
------------------------------+------------------+---------------------+------------
 2026-07-29 02:05:44.50105+00 |                  |                   0 |    2000000
(1 row)

INSERT INTO orders (status, customer_id, total, created_at)
SELECT 'returned',
       1 + (random() * 99999)::int,
       round((random() * 499 + 1)::numeric, 2),
       now() - random() * interval '30 days'
FROM generate_series(1, 500000);
INSERT 0 500000
SELECT now() AS after_insert_utc;
       after_insert_utc        
-------------------------------
 2026-07-29 02:06:38.171358+00
(1 row)

SELECT last_analyze, last_autoanalyze, n_mod_since_analyze, n_live_tup
FROM pg_stat_user_tables WHERE relname = 'orders';
         last_analyze         | last_autoanalyze | n_mod_since_analyze | n_live_tup 
------------------------------+------------------+---------------------+------------
 2026-07-29 02:05:44.50105+00 |                  |              500000 |    2500000
(1 row)

EXPLAIN (ANALYZE, BUFFERS) SELECT * FROM orders WHERE status = 'returned';
                                                                QUERY PLAN                                                                
------------------------------------------------------------------------------------------------------------------------------------------
 Index Scan using orders_status_covering_idx on orders  (cost=0.43..8.45 rows=1 width=34) (actual time=0.013..40.519 rows=500000 loops=1)
   Index Cond: (status = 'returned'::text)
   Buffers: shared hit=6485
 Planning:
   Buffers: shared hit=27 read=1 written=1
 Planning Time: 0.090 ms
 Execution Time: 55.917 ms
(7 rows)

EXPLAIN (ANALYZE, BUFFERS) SELECT * FROM orders WHERE status = 'returned';
                                                                QUERY PLAN                                                                
------------------------------------------------------------------------------------------------------------------------------------------
 Index Scan using orders_status_covering_idx on orders  (cost=0.43..8.45 rows=1 width=34) (actual time=0.015..35.358 rows=500000 loops=1)
   Index Cond: (status = 'returned'::text)
   Buffers: shared hit=6485
 Planning Time: 0.052 ms
 Execution Time: 50.636 ms
(5 rows)

EXPLAIN (ANALYZE, BUFFERS) SELECT * FROM orders WHERE status = 'returned';
                                                                QUERY PLAN                                                                
------------------------------------------------------------------------------------------------------------------------------------------
 Index Scan using orders_status_covering_idx on orders  (cost=0.43..8.45 rows=1 width=34) (actual time=0.014..35.673 rows=500000 loops=1)
   Index Cond: (status = 'returned'::text)
   Buffers: shared hit=6485
 Planning Time: 0.041 ms
 Execution Time: 50.920 ms
(5 rows)

SELECT now() AS after_stale_explains_utc;
   after_stale_explains_utc    
-------------------------------
 2026-07-29 02:06:38.330907+00
(1 row)

SELECT last_analyze, last_autoanalyze
FROM pg_stat_user_tables WHERE relname = 'orders';
         last_analyze         | last_autoanalyze 
------------------------------+------------------
 2026-07-29 02:05:44.50105+00 | 
(1 row)

ANALYZE orders;
ANALYZE
EXPLAIN (ANALYZE, BUFFERS) SELECT * FROM orders WHERE status = 'returned';
                                                              QUERY PLAN                                                               
---------------------------------------------------------------------------------------------------------------------------------------
 Bitmap Heap Scan on orders  (cost=5621.16..32785.37 rows=506417 width=34) (actual time=4.852..27.819 rows=500000 loops=1)
   Recheck Cond: (status = 'returned'::text)
   Heap Blocks: exact=4168
   Buffers: shared hit=4564
   ->  Bitmap Index Scan on orders_status_idx  (cost=0.00..5494.56 rows=506417 width=0) (actual time=4.525..4.526 rows=500000 loops=1)
         Index Cond: (status = 'returned'::text)
         Buffers: shared hit=396
 Planning:
   Buffers: shared hit=48
 Planning Time: 0.158 ms
 Execution Time: 37.953 ms
(11 rows)

EXPLAIN (ANALYZE, BUFFERS) SELECT * FROM orders WHERE status = 'returned';
                                                              QUERY PLAN                                                               
---------------------------------------------------------------------------------------------------------------------------------------
 Bitmap Heap Scan on orders  (cost=5621.16..32785.37 rows=506417 width=34) (actual time=4.782..27.438 rows=500000 loops=1)
   Recheck Cond: (status = 'returned'::text)
   Heap Blocks: exact=4168
   Buffers: shared hit=4564
   ->  Bitmap Index Scan on orders_status_idx  (cost=0.00..5494.56 rows=506417 width=0) (actual time=4.460..4.460 rows=500000 loops=1)
         Index Cond: (status = 'returned'::text)
         Buffers: shared hit=396
 Planning Time: 0.050 ms
 Execution Time: 37.642 ms
(9 rows)

EXPLAIN (ANALYZE, BUFFERS) SELECT * FROM orders WHERE status = 'returned';
                                                              QUERY PLAN                                                               
---------------------------------------------------------------------------------------------------------------------------------------
 Bitmap Heap Scan on orders  (cost=5621.16..32785.37 rows=506417 width=34) (actual time=4.794..27.213 rows=500000 loops=1)
   Recheck Cond: (status = 'returned'::text)
   Heap Blocks: exact=4168
   Buffers: shared hit=4564
   ->  Bitmap Index Scan on orders_status_idx  (cost=0.00..5494.56 rows=506417 width=0) (actual time=4.474..4.474 rows=500000 loops=1)
         Index Cond: (status = 'returned'::text)
         Buffers: shared hit=396
 Planning Time: 0.065 ms
 Execution Time: 37.305 ms
(9 rows)

SELECT now() AS after_manual_analyze_utc;
   after_manual_analyze_utc    
-------------------------------
 2026-07-29 02:06:38.524176+00
(1 row)

SELECT last_analyze, last_autoanalyze
FROM pg_stat_user_tables WHERE relname = 'orders';
         last_analyze          | last_autoanalyze 
-------------------------------+------------------
 2026-07-29 02:06:38.407696+00 | 
(1 row)

SELECT most_common_vals, most_common_freqs
FROM pg_stats WHERE tablename = 'orders' AND attname = 'status';
           most_common_vals           |           most_common_freqs            
--------------------------------------+----------------------------------------
 {shipped,returned,pending,cancelled} | {0.7585,0.20256667,0.030633334,0.0083}
(1 row)


# psql exit code: 0
