# Command: driver-05-covering-prevacuum-supplement.sh -> docker exec -i pilot-sel psql -U postgres -X -e -f -
# Run at (host, UTC): 2026-07-29 02:06:56 UTC
# psql -e echoes each SQL statement before its output.

SELECT now() AS experiment_start_utc;
     experiment_start_utc      
-------------------------------
 2026-07-29 02:06:56.672954+00
(1 row)

CREATE TABLE orders2 AS SELECT * FROM orders WHERE status <> 'returned';
SELECT 2000000
CREATE INDEX orders2_covering_idx ON orders2 (status) INCLUDE (customer_id, total);
CREATE INDEX
ANALYZE orders2;
ANALYZE
SELECT relallvisible, relpages FROM pg_class WHERE relname = 'orders2';
 relallvisible | relpages 
---------------+----------
             0 |    16704
(1 row)

EXPLAIN (ANALYZE, BUFFERS) SELECT customer_id, total FROM orders2 WHERE status = 'pending';
                                                                   QUERY PLAN                                                                    
-------------------------------------------------------------------------------------------------------------------------------------------------
 Index Only Scan using orders2_covering_idx on orders2  (cost=0.43..15995.09 rows=80267 width=10) (actual time=0.027..65.498 rows=80012 loops=1)
   Index Cond: (status = 'pending'::text)
   Heap Fetches: 80012
   Buffers: shared read=16934 written=4761
 Planning:
   Buffers: shared hit=19 read=1
 Planning Time: 0.064 ms
 Execution Time: 67.185 ms
(8 rows)

EXPLAIN (ANALYZE, BUFFERS) SELECT customer_id, total FROM orders2 WHERE status = 'pending';
                                                                   QUERY PLAN                                                                    
-------------------------------------------------------------------------------------------------------------------------------------------------
 Index Only Scan using orders2_covering_idx on orders2  (cost=0.43..15995.09 rows=80267 width=10) (actual time=0.091..67.584 rows=80012 loops=1)
   Index Cond: (status = 'pending'::text)
   Heap Fetches: 80012
   Buffers: shared read=16934 written=5167
 Planning Time: 0.059 ms
 Execution Time: 69.327 ms
(6 rows)

EXPLAIN (ANALYZE, BUFFERS) SELECT customer_id, total FROM orders2 WHERE status = 'pending';
                                                                   QUERY PLAN                                                                    
-------------------------------------------------------------------------------------------------------------------------------------------------
 Index Only Scan using orders2_covering_idx on orders2  (cost=0.43..15995.09 rows=80267 width=10) (actual time=0.040..47.790 rows=80012 loops=1)
   Index Cond: (status = 'pending'::text)
   Heap Fetches: 80012
   Buffers: shared read=16934 written=3
 Planning Time: 0.055 ms
 Execution Time: 49.440 ms
(6 rows)

VACUUM orders2;
VACUUM
SELECT relallvisible, relpages FROM pg_class WHERE relname = 'orders2';
 relallvisible | relpages 
---------------+----------
         16667 |    16704
(1 row)

EXPLAIN (ANALYZE, BUFFERS) SELECT customer_id, total FROM orders2 WHERE status = 'pending';
                                                                  QUERY PLAN                                                                   
-----------------------------------------------------------------------------------------------------------------------------------------------
 Index Only Scan using orders2_covering_idx on orders2  (cost=0.43..3028.74 rows=80267 width=10) (actual time=0.023..6.119 rows=80012 loops=1)
   Index Cond: (status = 'pending'::text)
   Heap Fetches: 0
   Buffers: shared hit=114 read=284 written=53
 Planning:
   Buffers: shared hit=2 read=2
 Planning Time: 0.102 ms
 Execution Time: 7.708 ms
(8 rows)

EXPLAIN (ANALYZE, BUFFERS) SELECT customer_id, total FROM orders2 WHERE status = 'pending';
                                                                  QUERY PLAN                                                                   
-----------------------------------------------------------------------------------------------------------------------------------------------
 Index Only Scan using orders2_covering_idx on orders2  (cost=0.43..3028.74 rows=80267 width=10) (actual time=0.026..5.212 rows=80012 loops=1)
   Index Cond: (status = 'pending'::text)
   Heap Fetches: 0
   Buffers: shared hit=398
 Planning Time: 0.027 ms
 Execution Time: 6.791 ms
(6 rows)

EXPLAIN (ANALYZE, BUFFERS) SELECT customer_id, total FROM orders2 WHERE status = 'pending';
                                                                  QUERY PLAN                                                                   
-----------------------------------------------------------------------------------------------------------------------------------------------
 Index Only Scan using orders2_covering_idx on orders2  (cost=0.43..3028.74 rows=80267 width=10) (actual time=0.013..5.161 rows=80012 loops=1)
   Index Cond: (status = 'pending'::text)
   Heap Fetches: 0
   Buffers: shared hit=398
 Planning Time: 0.022 ms
 Execution Time: 6.740 ms
(6 rows)

DROP TABLE orders2;
DROP TABLE

# psql exit code: 0
