# Spot-verify (contract rule 7): re-run AFTER raw/ was cited in the timeline.
# Re-runs the incident query 3x + final EXPLAIN against the lab's end state
# (both fixes applied) to confirm raw/07's value class reproduces.
# Command: docker exec -i pilot-slow psql -X -e -U postgres
# Run at (host, UTC): 2026-07-29 02:14:05 UTC

Timing is on.
SELECT o.id, o.created_at, o.status, count(oi.id) AS items
FROM users u
JOIN orders o ON o.user_id = u.id
JOIN order_items oi ON oi.order_id = o.id
WHERE u.email = 'user2@example.com'
  AND o.created_at > now() - interval '90 days'
GROUP BY o.id, o.created_at, o.status
ORDER BY o.created_at DESC
LIMIT 20;
   id   |          created_at           |  status   | items 
--------+-------------------------------+-----------+-------
 986800 | 2026-07-28 09:55:12.839121+00 | shipped   |     3
 986726 | 2026-07-27 20:27:20.254434+00 | pending   |     1
 951763 | 2026-07-26 19:10:05.434187+00 | pending   |     1
 970183 | 2026-07-26 16:07:41.030307+00 | refunded  |     2
 982530 | 2026-07-26 03:19:09.732424+00 | cancelled |     1
 976235 | 2026-07-25 07:46:34.9452+00   | paid      |     3
 971849 | 2026-07-25 04:32:19.677836+00 | shipped   |     1
 996095 | 2026-07-25 04:10:02.245884+00 | paid      |     3
 996045 | 2026-07-25 03:11:15.746108+00 | cancelled |     1
 984585 | 2026-07-25 00:00:02.411333+00 | cancelled |     3
 977897 | 2026-07-24 12:25:02.086782+00 | cancelled |     4
 957074 | 2026-07-24 06:18:32.807195+00 | refunded  |     3
 971075 | 2026-07-23 17:53:05.277969+00 | shipped   |     5
 993121 | 2026-07-23 13:48:30.459836+00 | cancelled |     2
 983805 | 2026-07-23 13:16:30.721575+00 | cancelled |     4
 993899 | 2026-07-23 12:47:10.075983+00 | paid      |     3
 970988 | 2026-07-23 02:10:29.177481+00 | refunded  |     4
 997814 | 2026-07-22 10:33:42.935012+00 | refunded  |     3
 981099 | 2026-07-22 05:53:57.790467+00 | shipped   |     1
 980641 | 2026-07-21 19:53:57.344354+00 | cancelled |     5
(20 rows)

Time: 7.582 ms
SELECT o.id, o.created_at, o.status, count(oi.id) AS items
FROM users u
JOIN orders o ON o.user_id = u.id
JOIN order_items oi ON oi.order_id = o.id
WHERE u.email = 'user2@example.com'
  AND o.created_at > now() - interval '90 days'
GROUP BY o.id, o.created_at, o.status
ORDER BY o.created_at DESC
LIMIT 20;
   id   |          created_at           |  status   | items 
--------+-------------------------------+-----------+-------
 986800 | 2026-07-28 09:55:12.839121+00 | shipped   |     3
 986726 | 2026-07-27 20:27:20.254434+00 | pending   |     1
 951763 | 2026-07-26 19:10:05.434187+00 | pending   |     1
 970183 | 2026-07-26 16:07:41.030307+00 | refunded  |     2
 982530 | 2026-07-26 03:19:09.732424+00 | cancelled |     1
 976235 | 2026-07-25 07:46:34.9452+00   | paid      |     3
 971849 | 2026-07-25 04:32:19.677836+00 | shipped   |     1
 996095 | 2026-07-25 04:10:02.245884+00 | paid      |     3
 996045 | 2026-07-25 03:11:15.746108+00 | cancelled |     1
 984585 | 2026-07-25 00:00:02.411333+00 | cancelled |     3
 977897 | 2026-07-24 12:25:02.086782+00 | cancelled |     4
 957074 | 2026-07-24 06:18:32.807195+00 | refunded  |     3
 971075 | 2026-07-23 17:53:05.277969+00 | shipped   |     5
 993121 | 2026-07-23 13:48:30.459836+00 | cancelled |     2
 983805 | 2026-07-23 13:16:30.721575+00 | cancelled |     4
 993899 | 2026-07-23 12:47:10.075983+00 | paid      |     3
 970988 | 2026-07-23 02:10:29.177481+00 | refunded  |     4
 997814 | 2026-07-22 10:33:42.935012+00 | refunded  |     3
 981099 | 2026-07-22 05:53:57.790467+00 | shipped   |     1
 980641 | 2026-07-21 19:53:57.344354+00 | cancelled |     5
(20 rows)

Time: 0.935 ms
SELECT o.id, o.created_at, o.status, count(oi.id) AS items
FROM users u
JOIN orders o ON o.user_id = u.id
JOIN order_items oi ON oi.order_id = o.id
WHERE u.email = 'user2@example.com'
  AND o.created_at > now() - interval '90 days'
GROUP BY o.id, o.created_at, o.status
ORDER BY o.created_at DESC
LIMIT 20;
   id   |          created_at           |  status   | items 
--------+-------------------------------+-----------+-------
 986800 | 2026-07-28 09:55:12.839121+00 | shipped   |     3
 986726 | 2026-07-27 20:27:20.254434+00 | pending   |     1
 951763 | 2026-07-26 19:10:05.434187+00 | pending   |     1
 970183 | 2026-07-26 16:07:41.030307+00 | refunded  |     2
 982530 | 2026-07-26 03:19:09.732424+00 | cancelled |     1
 976235 | 2026-07-25 07:46:34.9452+00   | paid      |     3
 971849 | 2026-07-25 04:32:19.677836+00 | shipped   |     1
 996095 | 2026-07-25 04:10:02.245884+00 | paid      |     3
 996045 | 2026-07-25 03:11:15.746108+00 | cancelled |     1
 984585 | 2026-07-25 00:00:02.411333+00 | cancelled |     3
 977897 | 2026-07-24 12:25:02.086782+00 | cancelled |     4
 957074 | 2026-07-24 06:18:32.807195+00 | refunded  |     3
 971075 | 2026-07-23 17:53:05.277969+00 | shipped   |     5
 993121 | 2026-07-23 13:48:30.459836+00 | cancelled |     2
 983805 | 2026-07-23 13:16:30.721575+00 | cancelled |     4
 993899 | 2026-07-23 12:47:10.075983+00 | paid      |     3
 970988 | 2026-07-23 02:10:29.177481+00 | refunded  |     4
 997814 | 2026-07-22 10:33:42.935012+00 | refunded  |     3
 981099 | 2026-07-22 05:53:57.790467+00 | shipped   |     1
 980641 | 2026-07-21 19:53:57.344354+00 | cancelled |     5
(20 rows)

Time: 0.986 ms
EXPLAIN (ANALYZE, BUFFERS)
SELECT o.id, o.created_at, o.status, count(oi.id) AS items
FROM users u
JOIN orders o ON o.user_id = u.id
JOIN order_items oi ON oi.order_id = o.id
WHERE u.email = 'user2@example.com'
  AND o.created_at > now() - interval '90 days'
GROUP BY o.id, o.created_at, o.status
ORDER BY o.created_at DESC
LIMIT 20;
                                                                                  QUERY PLAN                                                                                   
-------------------------------------------------------------------------------------------------------------------------------------------------------------------------------
 Limit  (cost=18.33..18.34 rows=3 width=31) (actual time=0.716..0.718 rows=20 loops=1)
   Buffers: shared hit=1800
   ->  Sort  (cost=18.33..18.34 rows=3 width=31) (actual time=0.715..0.717 rows=20 loops=1)
         Sort Key: o.created_at DESC
         Sort Method: top-N heapsort  Memory: 27kB
         Buffers: shared hit=1800
         ->  GroupAggregate  (cost=18.25..18.31 rows=3 width=31) (actual time=0.578..0.689 rows=246 loops=1)
               Group Key: o.id
               Buffers: shared hit=1800
               ->  Sort  (cost=18.25..18.26 rows=3 width=31) (actual time=0.576..0.602 rows=762 loops=1)
                     Sort Key: o.id
                     Sort Method: quicksort  Memory: 69kB
                     Buffers: shared hit=1800
                     ->  Nested Loop  (cost=1.28..18.23 rows=3 width=31) (actual time=0.014..0.494 rows=762 loops=1)
                           Buffers: shared hit=1800
                           ->  Nested Loop  (cost=0.85..16.90 rows=1 width=23) (actual time=0.010..0.082 rows=258 loops=1)
                                 Buffers: shared hit=264
                                 ->  Index Scan using users_email_key on users u  (cost=0.42..8.44 rows=1 width=8) (actual time=0.005..0.005 rows=1 loops=1)
                                       Index Cond: (email = 'user2@example.com'::text)
                                       Buffers: shared hit=4
                                 ->  Index Scan using orders_user_id_created_at_idx on orders o  (cost=0.43..8.45 rows=1 width=31) (actual time=0.005..0.060 rows=258 loops=1)
                                       Index Cond: ((user_id = u.id) AND (created_at > (now() - '90 days'::interval)))
                                       Buffers: shared hit=260
                           ->  Index Scan using order_items_order_id_idx on order_items oi  (cost=0.43..1.29 rows=4 width=16) (actual time=0.001..0.001 rows=3 loops=258)
                                 Index Cond: (order_id = o.id)
                                 Buffers: shared hit=1536
 Planning:
   Buffers: shared hit=34
 Planning Time: 0.174 ms
 Execution Time: 0.755 ms
(30 rows)

Time: 1.263 ms
# psql exit code: 0
