# Command: driver-01-seed.sh -> docker exec -i pilot-slow psql -X -e -U postgres (SQL embedded below)
# Run at (host, UTC): 2026-07-29 02:11:06 UTC
# ---- input SQL (verbatim) ----
\timing on
SELECT setseed(0.42);

CREATE TABLE users (
  id    bigserial PRIMARY KEY,
  email text UNIQUE
);

CREATE TABLE orders (
  id         bigserial PRIMARY KEY,
  user_id    bigint NOT NULL,
  created_at timestamptz NOT NULL,
  status     text NOT NULL
);

CREATE TABLE order_items (
  id         bigserial PRIMARY KEY,
  order_id   bigint NOT NULL,
  product_id int,
  qty        int
);

-- NOTE: deliberately NO index on orders(user_id) and NO index on order_items(order_id).
-- Only the PKs and the users.email unique constraint exist.

-- ~200,000 users
INSERT INTO users (email)
SELECT 'user' || g || '@example.com'
FROM generate_series(1, 200000) g;

-- 950,000 orders spread uniformly across all users, over the past ~2 years
INSERT INTO orders (user_id, created_at, status)
SELECT 1 + floor(random() * 200000)::bigint,
       now() - (random() * interval '730 days'),
       (ARRAY['pending','paid','shipped','cancelled','refunded'])[1 + floor(random() * 5)::int]
FROM generate_series(1, 950000);

-- 50,000 more orders concentrated on 25 "heavy" users (ids 1..25) -> skew
INSERT INTO orders (user_id, created_at, status)
SELECT 1 + floor(random() * 25)::bigint,
       now() - (random() * interval '730 days'),
       (ARRAY['pending','paid','shipped','cancelled','refunded'])[1 + floor(random() * 5)::int]
FROM generate_series(1, 50000);

-- ~3,000,000 order items across random orders (avg ~3 per order)
INSERT INTO order_items (order_id, product_id, qty)
SELECT 1 + floor(random() * 1000000)::bigint,
       1 + floor(random() * 20000)::int,
       1 + floor(random() * 4)::int
FROM generate_series(1, 3000000);

ANALYZE users;
ANALYZE orders;
ANALYZE order_items;

SELECT count(*) AS users_rows FROM users;
SELECT count(*) AS orders_rows FROM orders;
SELECT count(*) AS order_items_rows FROM order_items;

\d orders
\d order_items

SELECT pg_size_pretty(pg_total_relation_size('users'))       AS users_total,
       pg_size_pretty(pg_total_relation_size('orders'))      AS orders_total,
       pg_size_pretty(pg_total_relation_size('order_items')) AS order_items_total;

-- Scenario setup: identify a real heavy user to be the "victim" of the incident query
SELECT u.id, u.email, count(*) AS order_count
FROM orders o JOIN users u ON u.id = o.user_id
GROUP BY u.id, u.email
ORDER BY order_count DESC
LIMIT 5;
# ---- output (verbatim) ----
Timing is on.
SELECT setseed(0.42);
 setseed 
---------
 
(1 row)

Time: 0.412 ms
CREATE TABLE users (
  id    bigserial PRIMARY KEY,
  email text UNIQUE
);
CREATE TABLE
Time: 5.639 ms
CREATE TABLE orders (
  id         bigserial PRIMARY KEY,
  user_id    bigint NOT NULL,
  created_at timestamptz NOT NULL,
  status     text NOT NULL
);
CREATE TABLE
Time: 3.279 ms
CREATE TABLE order_items (
  id         bigserial PRIMARY KEY,
  order_id   bigint NOT NULL,
  product_id int,
  qty        int
);
CREATE TABLE
Time: 1.527 ms
INSERT INTO users (email)
SELECT 'user' || g || '@example.com'
FROM generate_series(1, 200000) g;
INSERT 0 200000
Time: 480.307 ms
INSERT INTO orders (user_id, created_at, status)
SELECT 1 + floor(random() * 200000)::bigint,
       now() - (random() * interval '730 days'),
       (ARRAY['pending','paid','shipped','cancelled','refunded'])[1 + floor(random() * 5)::int]
FROM generate_series(1, 950000);
INSERT 0 950000
Time: 1287.105 ms (00:01.287)
INSERT INTO orders (user_id, created_at, status)
SELECT 1 + floor(random() * 25)::bigint,
       now() - (random() * interval '730 days'),
       (ARRAY['pending','paid','shipped','cancelled','refunded'])[1 + floor(random() * 5)::int]
FROM generate_series(1, 50000);
INSERT 0 50000
Time: 70.229 ms
INSERT INTO order_items (order_id, product_id, qty)
SELECT 1 + floor(random() * 1000000)::bigint,
       1 + floor(random() * 20000)::int,
       1 + floor(random() * 4)::int
FROM generate_series(1, 3000000);
INSERT 0 3000000
Time: 3628.418 ms (00:03.628)
ANALYZE users;
ANALYZE
Time: 33.574 ms
ANALYZE orders;
ANALYZE
Time: 64.966 ms
ANALYZE order_items;
ANALYZE
Time: 102.990 ms
SELECT count(*) AS users_rows FROM users;
 users_rows 
------------
     200000
(1 row)

Time: 12.882 ms
SELECT count(*) AS orders_rows FROM orders;
 orders_rows 
-------------
     1000000
(1 row)

Time: 24.401 ms
SELECT count(*) AS order_items_rows FROM order_items;
 order_items_rows 
------------------
          3000000
(1 row)

Time: 40.541 ms
                                       Table "public.orders"
   Column   |           Type           | Collation | Nullable |              Default               
------------+--------------------------+-----------+----------+------------------------------------
 id         | bigint                   |           | not null | nextval('orders_id_seq'::regclass)
 user_id    | bigint                   |           | not null | 
 created_at | timestamp with time zone |           | not null | 
 status     | text                     |           | not null | 
Indexes:
    "orders_pkey" PRIMARY KEY, btree (id)

                              Table "public.order_items"
   Column   |  Type   | Collation | Nullable |                 Default                 
------------+---------+-----------+----------+-----------------------------------------
 id         | bigint  |           | not null | nextval('order_items_id_seq'::regclass)
 order_id   | bigint  |           | not null | 
 product_id | integer |           |          | 
 qty        | integer |           |          | 
Indexes:
    "order_items_pkey" PRIMARY KEY, btree (id)

SELECT pg_size_pretty(pg_total_relation_size('users'))       AS users_total,
       pg_size_pretty(pg_total_relation_size('orders'))      AS orders_total,
       pg_size_pretty(pg_total_relation_size('order_items')) AS order_items_total;
 users_total | orders_total | order_items_total 
-------------+--------------+-------------------
 29 MB       | 82 MB        | 214 MB
(1 row)

Time: 0.400 ms
SELECT u.id, u.email, count(*) AS order_count
FROM orders o JOIN users u ON u.id = o.user_id
GROUP BY u.id, u.email
ORDER BY order_count DESC
LIMIT 5;
 id |       email        | order_count 
----+--------------------+-------------
  2 | user2@example.com  |        2072
  8 | user8@example.com  |        2065
 15 | user15@example.com |        2056
  3 | user3@example.com  |        2055
 19 | user19@example.com |        2055
(5 rows)

Time: 261.752 ms
# ---- finished at (host, UTC): 2026-07-29 02:11:12 UTC ----

# ---- appended section: victim-user context (run at 2026-07-29 02:11:12 UTC) ----
# Command: docker exec -i pilot-slow psql -X -e -U postgres -c "...user_id=2 ... 90 days"
SELECT count(*) AS user2_orders_last_90d FROM orders WHERE user_id = 2 AND created_at > now() - interval '90 days';
 user2_orders_last_90d 
-----------------------
                   258
(1 row)

# psql exit codes: seed=0 victim-context=0
