# Command: driver-02-incident.sh -> docker exec -i pilot-slow psql -X -e -U postgres (SQL embedded below)
# Run at (host, UTC): 2026-07-29 02:11:33 UTC
# ---- input SQL (verbatim) ----
\timing on
-- Incident query (user-orders dashboard), run 1 of 3
SELECT o.id, o.created_at, o.status, count(oi.id) AS items
FROM users u
JOIN orders o ON o.user_id = u.id
JOIN order_items oi ON oi.order_id = o.id
WHERE u.email = 'user2@example.com'
  AND o.created_at > now() - interval '90 days'
GROUP BY o.id, o.created_at, o.status
ORDER BY o.created_at DESC
LIMIT 20;

-- run 2 of 3 (identical)
SELECT o.id, o.created_at, o.status, count(oi.id) AS items
FROM users u
JOIN orders o ON o.user_id = u.id
JOIN order_items oi ON oi.order_id = o.id
WHERE u.email = 'user2@example.com'
  AND o.created_at > now() - interval '90 days'
GROUP BY o.id, o.created_at, o.status
ORDER BY o.created_at DESC
LIMIT 20;

-- run 3 of 3 (identical)
SELECT o.id, o.created_at, o.status, count(oi.id) AS items
FROM users u
JOIN orders o ON o.user_id = u.id
JOIN order_items oi ON oi.order_id = o.id
WHERE u.email = 'user2@example.com'
  AND o.created_at > now() - interval '90 days'
GROUP BY o.id, o.created_at, o.status
ORDER BY o.created_at DESC
LIMIT 20;
# ---- output (verbatim) ----
Timing is on.
SELECT o.id, o.created_at, o.status, count(oi.id) AS items
FROM users u
JOIN orders o ON o.user_id = u.id
JOIN order_items oi ON oi.order_id = o.id
WHERE u.email = 'user2@example.com'
  AND o.created_at > now() - interval '90 days'
GROUP BY o.id, o.created_at, o.status
ORDER BY o.created_at DESC
LIMIT 20;
   id   |          created_at           |  status   | items 
--------+-------------------------------+-----------+-------
 986800 | 2026-07-28 09:55:12.839121+00 | shipped   |     3
 986726 | 2026-07-27 20:27:20.254434+00 | pending   |     1
 951763 | 2026-07-26 19:10:05.434187+00 | pending   |     1
 970183 | 2026-07-26 16:07:41.030307+00 | refunded  |     2
 982530 | 2026-07-26 03:19:09.732424+00 | cancelled |     1
 976235 | 2026-07-25 07:46:34.9452+00   | paid      |     3
 971849 | 2026-07-25 04:32:19.677836+00 | shipped   |     1
 996095 | 2026-07-25 04:10:02.245884+00 | paid      |     3
 996045 | 2026-07-25 03:11:15.746108+00 | cancelled |     1
 984585 | 2026-07-25 00:00:02.411333+00 | cancelled |     3
 977897 | 2026-07-24 12:25:02.086782+00 | cancelled |     4
 957074 | 2026-07-24 06:18:32.807195+00 | refunded  |     3
 971075 | 2026-07-23 17:53:05.277969+00 | shipped   |     5
 993121 | 2026-07-23 13:48:30.459836+00 | cancelled |     2
 983805 | 2026-07-23 13:16:30.721575+00 | cancelled |     4
 993899 | 2026-07-23 12:47:10.075983+00 | paid      |     3
 970988 | 2026-07-23 02:10:29.177481+00 | refunded  |     4
 997814 | 2026-07-22 10:33:42.935012+00 | refunded  |     3
 981099 | 2026-07-22 05:53:57.790467+00 | shipped   |     1
 980641 | 2026-07-21 19:53:57.344354+00 | cancelled |     5
(20 rows)

Time: 180.537 ms
SELECT o.id, o.created_at, o.status, count(oi.id) AS items
FROM users u
JOIN orders o ON o.user_id = u.id
JOIN order_items oi ON oi.order_id = o.id
WHERE u.email = 'user2@example.com'
  AND o.created_at > now() - interval '90 days'
GROUP BY o.id, o.created_at, o.status
ORDER BY o.created_at DESC
LIMIT 20;
   id   |          created_at           |  status   | items 
--------+-------------------------------+-----------+-------
 986800 | 2026-07-28 09:55:12.839121+00 | shipped   |     3
 986726 | 2026-07-27 20:27:20.254434+00 | pending   |     1
 951763 | 2026-07-26 19:10:05.434187+00 | pending   |     1
 970183 | 2026-07-26 16:07:41.030307+00 | refunded  |     2
 982530 | 2026-07-26 03:19:09.732424+00 | cancelled |     1
 976235 | 2026-07-25 07:46:34.9452+00   | paid      |     3
 971849 | 2026-07-25 04:32:19.677836+00 | shipped   |     1
 996095 | 2026-07-25 04:10:02.245884+00 | paid      |     3
 996045 | 2026-07-25 03:11:15.746108+00 | cancelled |     1
 984585 | 2026-07-25 00:00:02.411333+00 | cancelled |     3
 977897 | 2026-07-24 12:25:02.086782+00 | cancelled |     4
 957074 | 2026-07-24 06:18:32.807195+00 | refunded  |     3
 971075 | 2026-07-23 17:53:05.277969+00 | shipped   |     5
 993121 | 2026-07-23 13:48:30.459836+00 | cancelled |     2
 983805 | 2026-07-23 13:16:30.721575+00 | cancelled |     4
 993899 | 2026-07-23 12:47:10.075983+00 | paid      |     3
 970988 | 2026-07-23 02:10:29.177481+00 | refunded  |     4
 997814 | 2026-07-22 10:33:42.935012+00 | refunded  |     3
 981099 | 2026-07-22 05:53:57.790467+00 | shipped   |     1
 980641 | 2026-07-21 19:53:57.344354+00 | cancelled |     5
(20 rows)

Time: 149.901 ms
SELECT o.id, o.created_at, o.status, count(oi.id) AS items
FROM users u
JOIN orders o ON o.user_id = u.id
JOIN order_items oi ON oi.order_id = o.id
WHERE u.email = 'user2@example.com'
  AND o.created_at > now() - interval '90 days'
GROUP BY o.id, o.created_at, o.status
ORDER BY o.created_at DESC
LIMIT 20;
   id   |          created_at           |  status   | items 
--------+-------------------------------+-----------+-------
 986800 | 2026-07-28 09:55:12.839121+00 | shipped   |     3
 986726 | 2026-07-27 20:27:20.254434+00 | pending   |     1
 951763 | 2026-07-26 19:10:05.434187+00 | pending   |     1
 970183 | 2026-07-26 16:07:41.030307+00 | refunded  |     2
 982530 | 2026-07-26 03:19:09.732424+00 | cancelled |     1
 976235 | 2026-07-25 07:46:34.9452+00   | paid      |     3
 971849 | 2026-07-25 04:32:19.677836+00 | shipped   |     1
 996095 | 2026-07-25 04:10:02.245884+00 | paid      |     3
 996045 | 2026-07-25 03:11:15.746108+00 | cancelled |     1
 984585 | 2026-07-25 00:00:02.411333+00 | cancelled |     3
 977897 | 2026-07-24 12:25:02.086782+00 | cancelled |     4
 957074 | 2026-07-24 06:18:32.807195+00 | refunded  |     3
 971075 | 2026-07-23 17:53:05.277969+00 | shipped   |     5
 993121 | 2026-07-23 13:48:30.459836+00 | cancelled |     2
 983805 | 2026-07-23 13:16:30.721575+00 | cancelled |     4
 993899 | 2026-07-23 12:47:10.075983+00 | paid      |     3
 970988 | 2026-07-23 02:10:29.177481+00 | refunded  |     4
 997814 | 2026-07-22 10:33:42.935012+00 | refunded  |     3
 981099 | 2026-07-22 05:53:57.790467+00 | shipped   |     1
 980641 | 2026-07-21 19:53:57.344354+00 | cancelled |     5
(20 rows)

Time: 138.042 ms
# ---- finished at (host, UTC): 2026-07-29 02:11:33 UTC, psql exit code: 0 ----
