# Command: driver-03-explain-before.sh -> docker exec -i pilot-slow psql -X -e -U postgres (SQL embedded below)
# Run at (host, UTC): 2026-07-29 02:11:52 UTC
# ---- input SQL (verbatim) ----
\timing on
EXPLAIN (ANALYZE, BUFFERS)
SELECT o.id, o.created_at, o.status, count(oi.id) AS items
FROM users u
JOIN orders o ON o.user_id = u.id
JOIN order_items oi ON oi.order_id = o.id
WHERE u.email = 'user2@example.com'
  AND o.created_at > now() - interval '90 days'
GROUP BY o.id, o.created_at, o.status
ORDER BY o.created_at DESC
LIMIT 20;
# ---- output (verbatim) ----
Timing is on.
EXPLAIN (ANALYZE, BUFFERS)
SELECT o.id, o.created_at, o.status, count(oi.id) AS items
FROM users u
JOIN orders o ON o.user_id = u.id
JOIN order_items oi ON oi.order_id = o.id
WHERE u.email = 'user2@example.com'
  AND o.created_at > now() - interval '90 days'
GROUP BY o.id, o.created_at, o.status
ORDER BY o.created_at DESC
LIMIT 20;
                                                                                    QUERY PLAN                                                                                     
-----------------------------------------------------------------------------------------------------------------------------------------------------------------------------------
 Limit  (cost=52003.42..52003.43 rows=3 width=31) (actual time=187.252..188.662 rows=20 loops=1)
   Buffers: shared hit=11983 read=14950
   ->  Sort  (cost=52003.42..52003.43 rows=3 width=31) (actual time=187.251..188.660 rows=20 loops=1)
         Sort Key: o.created_at DESC
         Sort Method: top-N heapsort  Memory: 27kB
         Buffers: shared hit=11983 read=14950
         ->  Finalize GroupAggregate  (cost=52003.11..52003.40 rows=3 width=31) (actual time=187.095..188.629 rows=246 loops=1)
               Group Key: o.id
               Buffers: shared hit=11980 read=14950
               ->  Gather Merge  (cost=52003.11..52003.36 rows=2 width=31) (actual time=187.091..188.572 rows=490 loops=1)
                     Workers Planned: 2
                     Workers Launched: 2
                     Buffers: shared hit=11980 read=14950
                     ->  Partial GroupAggregate  (cost=51003.08..51003.10 rows=1 width=31) (actual time=185.520..185.560 rows=163 loops=3)
                           Group Key: o.id
                           Buffers: shared hit=11980 read=14950
                           ->  Sort  (cost=51003.08..51003.09 rows=1 width=31) (actual time=185.516..185.526 rows=254 loops=3)
                                 Sort Key: o.id
                                 Sort Method: quicksort  Memory: 39kB
                                 Buffers: shared hit=11980 read=14950
                                 Worker 0:  Sort Method: quicksort  Memory: 39kB
                                 Worker 1:  Sort Method: quicksort  Memory: 40kB
                                 ->  Hash Join  (cost=15708.64..51003.07 rows=1 width=31) (actual time=37.949..185.403 rows=254 loops=3)
                                       Hash Cond: (o.user_id = u.id)
                                       Buffers: shared hit=11964 read=14950
                                       ->  Parallel Hash Join  (cost=15700.19..50590.45 rows=153966 width=39) (actual time=36.971..180.295 rows=123718 loops=3)
                                             Hash Cond: (oi.order_id = o.id)
                                             Buffers: shared hit=11926 read=14950
                                             ->  Parallel Seq Scan on order_items oi  (cost=0.00..31609.00 rows=1250000 width=16) (actual time=0.019..42.702 rows=1000000 loops=3)
                                                   Buffers: shared hit=11339 read=7770
                                             ->  Parallel Hash  (cost=15058.67..15058.67 rows=51322 width=31) (actual time=36.802..36.802 rows=41209 loops=3)
                                                   Buckets: 131072  Batches: 1  Memory Usage: 9184kB
                                                   Buffers: shared hit=587 read=7180
                                                   ->  Parallel Seq Scan on orders o  (cost=0.00..15058.67 rows=51322 width=31) (actual time=0.016..31.141 rows=41209 loops=3)
                                                         Filter: (created_at > (now() - '90 days'::interval))
                                                         Rows Removed by Filter: 292124
                                                         Buffers: shared hit=587 read=7180
                                       ->  Hash  (cost=8.44..8.44 rows=1 width=8) (actual time=0.011..0.011 rows=1 loops=3)
                                             Buckets: 1024  Batches: 1  Memory Usage: 9kB
                                             Buffers: shared hit=14
                                             ->  Index Scan using users_email_key on users u  (cost=0.42..8.44 rows=1 width=8) (actual time=0.008..0.009 rows=1 loops=3)
                                                   Index Cond: (email = 'user2@example.com'::text)
                                                   Buffers: shared hit=14
 Planning:
   Buffers: shared hit=216 read=1
 Planning Time: 0.568 ms
 Execution Time: 188.781 ms
(47 rows)

Time: 190.842 ms
# ---- finished at (host, UTC): 2026-07-29 02:11:52 UTC, psql exit code: 0 ----
