# Command: driver-04-fix1.sh -> docker exec -i pilot-slow psql -X -e -U postgres (SQL embedded below)
# Run at (host, UTC): 2026-07-29 02:12:18 UTC
# ---- input SQL (verbatim) ----
\timing on
-- Fix 1: the index my hypothesis names
CREATE INDEX ON order_items(order_id);

\di+ order_items*

SELECT pg_size_pretty(pg_relation_size('order_items_order_id_idx')) AS fix1_index_size;
# ---- output (verbatim) ----
Timing is on.
CREATE INDEX ON order_items(order_id);
CREATE INDEX
Time: 651.165 ms
                                                   List of relations
 Schema |           Name           | Type  |  Owner   |    Table    | Persistence | Access method | Size  | Description 
--------+--------------------------+-------+----------+-------------+-------------+---------------+-------+-------------
 public | order_items_order_id_idx | index | postgres | order_items | permanent   | btree         | 42 MB | 
 public | order_items_pkey         | index | postgres | order_items | permanent   | btree         | 64 MB | 
(2 rows)

SELECT pg_size_pretty(pg_relation_size('order_items_order_id_idx')) AS fix1_index_size;
 fix1_index_size 
-----------------
 42 MB
(1 row)

Time: 0.221 ms
# ---- finished at (host, UTC): 2026-07-29 02:12:19 UTC, psql exit code: 0 ----
