# Command: driver-05-after-fix1.sh -> docker exec -i pilot-slow psql -X -e -U postgres (SQL embedded below)
# Run at (host, UTC): 2026-07-29 02:12:28 UTC
# ---- input SQL (verbatim) ----
\timing on
-- After fix 1 (order_items_order_id_idx): incident query, run 1 of 3
SELECT o.id, o.created_at, o.status, count(oi.id) AS items
FROM users u
JOIN orders o ON o.user_id = u.id
JOIN order_items oi ON oi.order_id = o.id
WHERE u.email = 'user2@example.com'
  AND o.created_at > now() - interval '90 days'
GROUP BY o.id, o.created_at, o.status
ORDER BY o.created_at DESC
LIMIT 20;

-- run 2 of 3 (identical)
SELECT o.id, o.created_at, o.status, count(oi.id) AS items
FROM users u
JOIN orders o ON o.user_id = u.id
JOIN order_items oi ON oi.order_id = o.id
WHERE u.email = 'user2@example.com'
  AND o.created_at > now() - interval '90 days'
GROUP BY o.id, o.created_at, o.status
ORDER BY o.created_at DESC
LIMIT 20;

-- run 3 of 3 (identical)
SELECT o.id, o.created_at, o.status, count(oi.id) AS items
FROM users u
JOIN orders o ON o.user_id = u.id
JOIN order_items oi ON oi.order_id = o.id
WHERE u.email = 'user2@example.com'
  AND o.created_at > now() - interval '90 days'
GROUP BY o.id, o.created_at, o.status
ORDER BY o.created_at DESC
LIMIT 20;

-- plan after fix 1
EXPLAIN (ANALYZE, BUFFERS)
SELECT o.id, o.created_at, o.status, count(oi.id) AS items
FROM users u
JOIN orders o ON o.user_id = u.id
JOIN order_items oi ON oi.order_id = o.id
WHERE u.email = 'user2@example.com'
  AND o.created_at > now() - interval '90 days'
GROUP BY o.id, o.created_at, o.status
ORDER BY o.created_at DESC
LIMIT 20;
# ---- output (verbatim) ----
Timing is on.
SELECT o.id, o.created_at, o.status, count(oi.id) AS items
FROM users u
JOIN orders o ON o.user_id = u.id
JOIN order_items oi ON oi.order_id = o.id
WHERE u.email = 'user2@example.com'
  AND o.created_at > now() - interval '90 days'
GROUP BY o.id, o.created_at, o.status
ORDER BY o.created_at DESC
LIMIT 20;
   id   |          created_at           |  status   | items 
--------+-------------------------------+-----------+-------
 986800 | 2026-07-28 09:55:12.839121+00 | shipped   |     3
 986726 | 2026-07-27 20:27:20.254434+00 | pending   |     1
 951763 | 2026-07-26 19:10:05.434187+00 | pending   |     1
 970183 | 2026-07-26 16:07:41.030307+00 | refunded  |     2
 982530 | 2026-07-26 03:19:09.732424+00 | cancelled |     1
 976235 | 2026-07-25 07:46:34.9452+00   | paid      |     3
 971849 | 2026-07-25 04:32:19.677836+00 | shipped   |     1
 996095 | 2026-07-25 04:10:02.245884+00 | paid      |     3
 996045 | 2026-07-25 03:11:15.746108+00 | cancelled |     1
 984585 | 2026-07-25 00:00:02.411333+00 | cancelled |     3
 977897 | 2026-07-24 12:25:02.086782+00 | cancelled |     4
 957074 | 2026-07-24 06:18:32.807195+00 | refunded  |     3
 971075 | 2026-07-23 17:53:05.277969+00 | shipped   |     5
 993121 | 2026-07-23 13:48:30.459836+00 | cancelled |     2
 983805 | 2026-07-23 13:16:30.721575+00 | cancelled |     4
 993899 | 2026-07-23 12:47:10.075983+00 | paid      |     3
 970988 | 2026-07-23 02:10:29.177481+00 | refunded  |     4
 997814 | 2026-07-22 10:33:42.935012+00 | refunded  |     3
 981099 | 2026-07-22 05:53:57.790467+00 | shipped   |     1
 980641 | 2026-07-21 19:53:57.344354+00 | cancelled |     5
(20 rows)

Time: 37.081 ms
SELECT o.id, o.created_at, o.status, count(oi.id) AS items
FROM users u
JOIN orders o ON o.user_id = u.id
JOIN order_items oi ON oi.order_id = o.id
WHERE u.email = 'user2@example.com'
  AND o.created_at > now() - interval '90 days'
GROUP BY o.id, o.created_at, o.status
ORDER BY o.created_at DESC
LIMIT 20;
   id   |          created_at           |  status   | items 
--------+-------------------------------+-----------+-------
 986800 | 2026-07-28 09:55:12.839121+00 | shipped   |     3
 986726 | 2026-07-27 20:27:20.254434+00 | pending   |     1
 951763 | 2026-07-26 19:10:05.434187+00 | pending   |     1
 970183 | 2026-07-26 16:07:41.030307+00 | refunded  |     2
 982530 | 2026-07-26 03:19:09.732424+00 | cancelled |     1
 976235 | 2026-07-25 07:46:34.9452+00   | paid      |     3
 971849 | 2026-07-25 04:32:19.677836+00 | shipped   |     1
 996095 | 2026-07-25 04:10:02.245884+00 | paid      |     3
 996045 | 2026-07-25 03:11:15.746108+00 | cancelled |     1
 984585 | 2026-07-25 00:00:02.411333+00 | cancelled |     3
 977897 | 2026-07-24 12:25:02.086782+00 | cancelled |     4
 957074 | 2026-07-24 06:18:32.807195+00 | refunded  |     3
 971075 | 2026-07-23 17:53:05.277969+00 | shipped   |     5
 993121 | 2026-07-23 13:48:30.459836+00 | cancelled |     2
 983805 | 2026-07-23 13:16:30.721575+00 | cancelled |     4
 993899 | 2026-07-23 12:47:10.075983+00 | paid      |     3
 970988 | 2026-07-23 02:10:29.177481+00 | refunded  |     4
 997814 | 2026-07-22 10:33:42.935012+00 | refunded  |     3
 981099 | 2026-07-22 05:53:57.790467+00 | shipped   |     1
 980641 | 2026-07-21 19:53:57.344354+00 | cancelled |     5
(20 rows)

Time: 33.496 ms
SELECT o.id, o.created_at, o.status, count(oi.id) AS items
FROM users u
JOIN orders o ON o.user_id = u.id
JOIN order_items oi ON oi.order_id = o.id
WHERE u.email = 'user2@example.com'
  AND o.created_at > now() - interval '90 days'
GROUP BY o.id, o.created_at, o.status
ORDER BY o.created_at DESC
LIMIT 20;
   id   |          created_at           |  status   | items 
--------+-------------------------------+-----------+-------
 986800 | 2026-07-28 09:55:12.839121+00 | shipped   |     3
 986726 | 2026-07-27 20:27:20.254434+00 | pending   |     1
 951763 | 2026-07-26 19:10:05.434187+00 | pending   |     1
 970183 | 2026-07-26 16:07:41.030307+00 | refunded  |     2
 982530 | 2026-07-26 03:19:09.732424+00 | cancelled |     1
 976235 | 2026-07-25 07:46:34.9452+00   | paid      |     3
 971849 | 2026-07-25 04:32:19.677836+00 | shipped   |     1
 996095 | 2026-07-25 04:10:02.245884+00 | paid      |     3
 996045 | 2026-07-25 03:11:15.746108+00 | cancelled |     1
 984585 | 2026-07-25 00:00:02.411333+00 | cancelled |     3
 977897 | 2026-07-24 12:25:02.086782+00 | cancelled |     4
 957074 | 2026-07-24 06:18:32.807195+00 | refunded  |     3
 971075 | 2026-07-23 17:53:05.277969+00 | shipped   |     5
 993121 | 2026-07-23 13:48:30.459836+00 | cancelled |     2
 983805 | 2026-07-23 13:16:30.721575+00 | cancelled |     4
 993899 | 2026-07-23 12:47:10.075983+00 | paid      |     3
 970988 | 2026-07-23 02:10:29.177481+00 | refunded  |     4
 997814 | 2026-07-22 10:33:42.935012+00 | refunded  |     3
 981099 | 2026-07-22 05:53:57.790467+00 | shipped   |     1
 980641 | 2026-07-21 19:53:57.344354+00 | cancelled |     5
(20 rows)

Time: 31.630 ms
EXPLAIN (ANALYZE, BUFFERS)
SELECT o.id, o.created_at, o.status, count(oi.id) AS items
FROM users u
JOIN orders o ON o.user_id = u.id
JOIN order_items oi ON oi.order_id = o.id
WHERE u.email = 'user2@example.com'
  AND o.created_at > now() - interval '90 days'
GROUP BY o.id, o.created_at, o.status
ORDER BY o.created_at DESC
LIMIT 20;
                                                                                QUERY PLAN                                                                                
--------------------------------------------------------------------------------------------------------------------------------------------------------------------------
 Limit  (cost=16203.37..16203.38 rows=3 width=31) (actual time=33.035..33.676 rows=20 loops=1)
   Buffers: shared hit=2617 read=6796
   ->  Sort  (cost=16203.37..16203.38 rows=3 width=31) (actual time=33.034..33.674 rows=20 loops=1)
         Sort Key: o.created_at DESC
         Sort Method: top-N heapsort  Memory: 27kB
         Buffers: shared hit=2617 read=6796
         ->  GroupAggregate  (cost=16203.29..16203.35 rows=3 width=31) (actual time=32.923..33.651 rows=246 loops=1)
               Group Key: o.id
               Buffers: shared hit=2617 read=6796
               ->  Sort  (cost=16203.29..16203.30 rows=3 width=31) (actual time=32.918..33.576 rows=762 loops=1)
                     Sort Key: o.id
                     Sort Method: quicksort  Memory: 69kB
                     Buffers: shared hit=2617 read=6796
                     ->  Nested Loop  (cost=1008.88..16203.27 rows=3 width=31) (actual time=30.491..33.454 rows=762 loops=1)
                           Buffers: shared hit=2617 read=6796
                           ->  Gather  (cost=1008.45..16201.94 rows=1 width=23) (actual time=30.450..32.539 rows=258 loops=1)
                                 Workers Planned: 2
                                 Workers Launched: 2
                                 Buffers: shared hit=1081 read=6796
                                 ->  Hash Join  (cost=8.45..15201.84 rows=1 width=23) (actual time=24.769..30.388 rows=86 loops=3)
                                       Hash Cond: (o.user_id = u.id)
                                       Buffers: shared hit=1081 read=6796
                                       ->  Parallel Seq Scan on orders o  (cost=0.00..15058.67 rows=51322 width=31) (actual time=0.016..28.617 rows=41209 loops=3)
                                             Filter: (created_at > (now() - '90 days'::interval))
                                             Rows Removed by Filter: 292125
                                             Buffers: shared hit=971 read=6796
                                       ->  Hash  (cost=8.44..8.44 rows=1 width=8) (actual time=0.012..0.012 rows=1 loops=3)
                                             Buckets: 1024  Batches: 1  Memory Usage: 9kB
                                             Buffers: shared hit=14
                                             ->  Index Scan using users_email_key on users u  (cost=0.42..8.44 rows=1 width=8) (actual time=0.009..0.009 rows=1 loops=3)
                                                   Index Cond: (email = 'user2@example.com'::text)
                                                   Buffers: shared hit=14
                           ->  Index Scan using order_items_order_id_idx on order_items oi  (cost=0.43..1.29 rows=4 width=16) (actual time=0.002..0.003 rows=3 loops=258)
                                 Index Cond: (order_id = o.id)
                                 Buffers: shared hit=1536
 Planning:
   Buffers: shared hit=26
 Planning Time: 0.293 ms
 Execution Time: 33.747 ms
(39 rows)

Time: 34.389 ms
# ---- finished at (host, UTC): 2026-07-29 02:12:29 UTC, psql exit code: 0 ----
