# Command: driver-06-fix2.sh -> docker exec -i pilot-slow psql -X -e -U postgres (SQL embedded below)
# Run at (host, UTC): 2026-07-29 02:12:49 UTC
# ---- input SQL (verbatim) ----
\timing on
-- Fix 2: composite index so the user filter + date range both ride the index
CREATE INDEX ON orders(user_id, created_at);

\di+ orders*

SELECT pg_size_pretty(pg_relation_size('orders_user_id_created_at_idx')) AS fix2_index_size;
# ---- output (verbatim) ----
Timing is on.
CREATE INDEX ON orders(user_id, created_at);
CREATE INDEX
Time: 260.825 ms
                                                   List of relations
 Schema |             Name              | Type  |  Owner   | Table  | Persistence | Access method | Size  | Description 
--------+-------------------------------+-------+----------+--------+-------------+---------------+-------+-------------
 public | orders_pkey                   | index | postgres | orders | permanent   | btree         | 21 MB | 
 public | orders_user_id_created_at_idx | index | postgres | orders | permanent   | btree         | 30 MB | 
(2 rows)

SELECT pg_size_pretty(pg_relation_size('orders_user_id_created_at_idx')) AS fix2_index_size;
 fix2_index_size 
-----------------
 30 MB
(1 row)

Time: 0.177 ms
# ---- finished at (host, UTC): 2026-07-29 02:12:50 UTC, psql exit code: 0 ----
