# Command: driver-08-close.sh -> docker exec -i pilot-slow psql -X -e -U postgres (SQL embedded below)
# Run at (host, UTC): 2026-07-29 02:13:14 UTC
# ---- input SQL (verbatim) ----
\timing on
-- Close-out: what the fix cost, and final state of all relations
\di+

SELECT relname,
       pg_size_pretty(pg_relation_size(oid))       AS main_size,
       pg_size_pretty(pg_total_relation_size(oid)) AS total_with_indexes
FROM pg_class
WHERE relname IN ('users','orders','order_items')
ORDER BY relname;

SELECT indexrelname, pg_size_pretty(pg_relation_size(indexrelid)) AS size, idx_scan
FROM pg_stat_user_indexes
ORDER BY indexrelname;
# ---- output (verbatim) ----
Timing is on.
                                                       List of relations
 Schema |             Name              | Type  |  Owner   |    Table    | Persistence | Access method |  Size   | Description 
--------+-------------------------------+-------+----------+-------------+-------------+---------------+---------+-------------
 public | order_items_order_id_idx      | index | postgres | order_items | permanent   | btree         | 42 MB   | 
 public | order_items_pkey              | index | postgres | order_items | permanent   | btree         | 64 MB   | 
 public | orders_pkey                   | index | postgres | orders      | permanent   | btree         | 21 MB   | 
 public | orders_user_id_created_at_idx | index | postgres | orders      | permanent   | btree         | 30 MB   | 
 public | users_email_key               | index | postgres | users       | permanent   | btree         | 14 MB   | 
 public | users_pkey                    | index | postgres | users       | permanent   | btree         | 4408 kB | 
(6 rows)

SELECT relname,
       pg_size_pretty(pg_relation_size(oid))       AS main_size,
       pg_size_pretty(pg_total_relation_size(oid)) AS total_with_indexes
FROM pg_class
WHERE relname IN ('users','orders','order_items')
ORDER BY relname;
   relname   | main_size | total_with_indexes 
-------------+-----------+--------------------
 order_items | 149 MB    | 255 MB
 orders      | 61 MB     | 112 MB
 users       | 11 MB     | 29 MB
(3 rows)

Time: 0.603 ms
SELECT indexrelname, pg_size_pretty(pg_relation_size(indexrelid)) AS size, idx_scan
FROM pg_stat_user_indexes
ORDER BY indexrelname;
         indexrelname          |  size   | idx_scan 
-------------------------------+---------+----------
 order_items_order_id_idx      | 42 MB   |     2080
 order_items_pkey              | 64 MB   |        0
 orders_pkey                   | 21 MB   |       24
 orders_user_id_created_at_idx | 30 MB   |       12
 users_email_key               | 14 MB   |       28
 users_pkey                    | 4408 kB |       26
(6 rows)

Time: 2.608 ms
# ---- finished at (host, UTC): 2026-07-29 02:13:14 UTC, psql exit code: 0 ----
