# Spot-verify (contract rule 7): re-run of the driver-02 flip pair AFTER raw/ was cited in the timeline.
# Command: docker exec -i pilot-sel psql -U postgres -X -e -f -
# Run at (host, UTC): 2026-07-29 02:07:52 UTC

EXPLAIN (ANALYZE, BUFFERS) SELECT * FROM orders WHERE status = 'cancelled';
                                                             QUERY PLAN                                                             
------------------------------------------------------------------------------------------------------------------------------------
 Bitmap Heap Scan on orders  (cost=233.24..22015.92 rows=20750 width=34) (actual time=2.018..47.692 rows=20241 loops=1)
   Recheck Cond: (status = 'cancelled'::text)
   Heap Blocks: exact=11744
   Buffers: shared read=11764
   ->  Bitmap Index Scan on orders_status_idx  (cost=0.00..228.06 rows=20750 width=0) (actual time=1.041..1.042 rows=20241 loops=1)
         Index Cond: (status = 'cancelled'::text)
         Buffers: shared read=20
 Planning:
   Buffers: shared hit=103 read=10
 Planning Time: 0.836 ms
 Execution Time: 48.321 ms
(11 rows)

EXPLAIN (ANALYZE, BUFFERS) SELECT * FROM orders WHERE status = 'shipped';
                                                    QUERY PLAN                                                     
-------------------------------------------------------------------------------------------------------------------
 Seq Scan on orders  (cost=0.00..52084.00 rows=1896250 width=34) (actual time=0.011..132.772 rows=1899747 loops=1)
   Filter: (status = 'shipped'::text)
   Rows Removed by Filter: 600253
   Buffers: shared hit=11744 read=9090
 Planning Time: 0.039 ms
 Execution Time: 173.189 ms
(6 rows)

# psql exit code: 0
